// Jest Snapshot v1, https://goo.gl/fbAQLP

exports[`<Main /> should render the heading 1`] = `
<main
  class="styles__Wrapper-dzx1ao-0 hLYmKi"
>
  <img
    alt="Imagem de um átomo e react avançado escrito ao lado."
    class="styles__Logo-dzx1ao-1 dUetyB"
    src="/img/logo.svg"
  />
  <h1
    class="styles__Title-dzx1ao-2 edokyf"
  >
    React Avançado
  </h1>
  <h2
    class="styles__Description-dzx1ao-3 gfCskk"
  >
    Typescript. ReactJS, NextJS e Styled Components
  </h2>
  <img
    alt="Um desenvolvedor de frente para telas com códigos"
    class="styles__Illustration-dzx1ao-4 cQfaZh"
    src="/img/hero-illustration.svg"
  />
</main>
`
